
Information: Checking generated_clocks...

Information: Checking loops...

Information: Checking no_input_delay...
Warning: The following input ports have no clock_relative delay specified, the command set_input_delay without -clock option will be ignored. (TIM-216)
--------------------
pc_next[31]
pc_next[30]
pc_next[29]
pc_next[28]
pc_next[27]
pc_next[26]
pc_next[25]
pc_next[24]
pc_next[23]
pc_next[22]
pc_next[21]
pc_next[20]
pc_next[19]
pc_next[18]
pc_next[17]
pc_next[16]
pc_next[15]
pc_next[14]
pc_next[13]
pc_next[12]
pc_next[11]
pc_next[10]
pc_next[9]
pc_next[8]
pc_next[7]
pc_next[6]
pc_next[5]
pc_next[4]
pc_next[3]
pc_next[2]
pc_next[1]
pc_next[0]

Information: Checking unconstrained_endpoints...

Warning: The following end-points are not constrained for maximum delay.

End point
---------------
pc[0]
pc[1]
pc[2]
pc[3]
pc[4]
pc[5]
pc[6]
pc[7]
pc[8]
pc[9]
pc[10]
pc[11]
pc[12]
pc[13]
pc[14]
pc[15]
pc[16]
pc[17]
pc[18]
pc[19]
pc[20]
pc[21]
pc[22]
pc[23]
pc[24]
pc[25]
pc[26]
pc[27]
pc[28]
pc[29]
pc[30]
pc[31]
pc_reg_0_/D
pc_reg_1_/D
pc_reg_2_/D
pc_reg_3_/D
pc_reg_4_/D
pc_reg_5_/D
pc_reg_6_/D
pc_reg_7_/D
pc_reg_8_/D
pc_reg_9_/D
pc_reg_10_/D
pc_reg_11_/D
pc_reg_12_/D
pc_reg_13_/D
pc_reg_14_/D
pc_reg_15_/D
pc_reg_16_/D
pc_reg_17_/D
pc_reg_18_/D
pc_reg_19_/D
pc_reg_20_/D
pc_reg_21_/D
pc_reg_22_/D
pc_reg_23_/D
pc_reg_24_/D
pc_reg_25_/D
pc_reg_26_/D
pc_reg_27_/D
pc_reg_28_/D
pc_reg_29_/D
pc_reg_30_/D
pc_reg_31_/D

Information: Checking pulse_clock_cell_type...

Information: Checking no_driving_cell...

Information: Checking partial_input_delay...
1
