 
****************************************
Report : threshold voltage group
Design : riscv_core
Version: Q-2019.12-SP3
Date   : Mon Mar  9 23:40:47 2026
****************************************

********************************************************************************
                        Threshold Voltage Group Report                         

Vth Group                All                Blackbox           Non-blackbox
Name                    cells                cells                cells
********************************************************************************
saed32cell_hvt      25241  (91.59%)          0   (0.00%)      25241  (91.59%)   
saed32cell_lvt        272   (0.99%)          0   (0.00%)        272   (0.99%)   
saed32cell_svt       2046   (7.42%)          0   (0.00%)       2046   (7.42%)   
********************************************************************************
Total               27559 (100.00%)          0   (0.00%)      27559 (100.00%)   

Vth Group                All                Blackbox           Non-blackbox
Name                  cell area            cell area            cell area
********************************************************************************
saed32cell_hvt  129636.57  (95.55%)       0.00   (0.00%)  129636.57  (95.55%)   
saed32cell_lvt     656.45   (0.48%)       0.00   (0.00%)     656.45   (0.48%)   
saed32cell_svt    5378.20   (3.96%)       0.00   (0.00%)    5378.20   (3.96%)   
********************************************************************************
Total           135671.22 (100.00%)       0.00   (0.00%)  135671.22 (100.00%)   
1
