Information: Updating design information... (UID-85)
Warning: Design 'riscv_core' contains 4 high-fanout nets. A fanout number of 1000 will be used for delay calculations involving these nets. (TIM-134)
 
****************************************
Report : qor
Design : riscv_core
Version: Q-2019.12-SP3
Date   : Mon Mar  9 23:40:13 2026
****************************************


  Timing Path Group 'clk'
  -----------------------------------
  Levels of Logic:              49.00
  Critical Path Length:          6.28
  Critical Path Slack:           0.00
  Critical Path Clk Period:      6.71
  Total Negative Slack:         -0.00
  No. of Violating Paths:       32.00
  Worst Hold Violation:          0.00
  Total Hold Violation:          0.00
  No. of Hold Violations:        0.00
  -----------------------------------


  Cell Count
  -----------------------------------
  Hierarchical Cell Count:          6
  Hierarchical Port Count:        470
  Leaf Cell Count:              27559
  Buf/Inv Cell Count:             728
  Buf Cell Count:                 312
  Inv Cell Count:                 416
  CT Buf/Inv Cell Count:            0
  Combinational Cell Count:     18311
  Sequential Cell Count:         9248
  Macro Count:                      0
  -----------------------------------


  Area
  -----------------------------------
  Combinational Area:    51057.530318
  Noncombinational Area: 84613.688883
  Buf/Inv Area:           1437.438478
  Total Buffer Area:           858.24
  Total Inverter Area:         579.19
  Macro/Black Box Area:      0.000000
  Net Area:             128713.673283
  -----------------------------------
  Cell Area:            135671.219201
  Design Area:          264384.892484


  Design Rules
  -----------------------------------
  Total Number of Nets:         27725
  Nets With Violations:             0
  Max Trans Violations:             0
  Max Cap Violations:               0
  -----------------------------------


  Hostname: mo.ece.pdx.edu

  Compile CPU Statistics
  -----------------------------------------
  Resource Sharing:                    0.17
  Logic Optimization:                  4.19
  Mapping Optimization:               13.28
  -----------------------------------------
  Overall Compile Time:               42.05
  Overall Compile Wall Clock Time:    43.13

  --------------------------------------------------------------------

  Design  WNS: 0.00  TNS: 0.00  Number of Violating Paths: 32


  Design (Hold)  WNS: 0.00  TNS: 0.00  Number of Violating Paths: 0

  --------------------------------------------------------------------


1
