Information: Updating design information... (UID-85)
 
****************************************
Report : qor
Design : control
Version: Q-2019.12-SP3
Date   : Thu Mar  5 16:04:48 2026
****************************************


  Timing Path Group (none)
  -----------------------------------
  Levels of Logic:               8.00
  Critical Path Length:          0.79
  Critical Path Slack:         uninit
  Critical Path Clk Period:       n/a
  Total Negative Slack:          0.00
  No. of Violating Paths:        0.00
  Worst Hold Violation:          0.00
  Total Hold Violation:          0.00
  No. of Hold Violations:        0.00
  -----------------------------------


  Cell Count
  -----------------------------------
  Hierarchical Cell Count:          0
  Hierarchical Port Count:          0
  Leaf Cell Count:                 25
  Buf/Inv Cell Count:               7
  Buf Cell Count:                   0
  Inv Cell Count:                   7
  CT Buf/Inv Cell Count:            0
  Combinational Cell Count:        25
  Sequential Cell Count:            0
  Macro Count:                      0
  -----------------------------------


  Area
  -----------------------------------
  Combinational Area:       45.745921
  Noncombinational Area:     0.000000
  Buf/Inv Area:              8.895040
  Total Buffer Area:             0.00
  Total Inverter Area:           8.90
  Macro/Black Box Area:      0.000000
  Net Area:                  5.872614
  -----------------------------------
  Cell Area:                45.745921
  Design Area:              51.618534


  Design Rules
  -----------------------------------
  Total Number of Nets:            43
  Nets With Violations:             0
  Max Trans Violations:             0
  Max Cap Violations:               0
  -----------------------------------


  Hostname: auto.ece.pdx.edu

  Compile CPU Statistics
  -----------------------------------------
  Resource Sharing:                    0.04
  Logic Optimization:                  0.47
  Mapping Optimization:                3.13
  -----------------------------------------
  Overall Compile Time:               14.01
  Overall Compile Wall Clock Time:    14.90

  --------------------------------------------------------------------

  Design  WNS: 0.00  TNS: 0.00  Number of Violating Paths: 0


  Design (Hold)  WNS: 0.00  TNS: 0.00  Number of Violating Paths: 0

  --------------------------------------------------------------------


1
