Information: Updating design information... (UID-85)
 
****************************************
Report : qor
Design : control
Version: Q-2019.12-SP3
Date   : Mon Mar  9 17:45:16 2026
****************************************


  Timing Path Group 'COMBO'
  -----------------------------------
  Levels of Logic:               4.00
  Critical Path Length:          0.29
  Critical Path Slack:           0.01
  Critical Path Clk Period:      1.41
  Total Negative Slack:          0.00
  No. of Violating Paths:        0.00
  Worst Hold Violation:          0.00
  Total Hold Violation:          0.00
  No. of Hold Violations:        0.00
  -----------------------------------


  Cell Count
  -----------------------------------
  Hierarchical Cell Count:          0
  Hierarchical Port Count:          0
  Leaf Cell Count:                 32
  Buf/Inv Cell Count:              10
  Buf Cell Count:                   0
  Inv Cell Count:                  10
  CT Buf/Inv Cell Count:            0
  Combinational Cell Count:        32
  Sequential Cell Count:            0
  Macro Count:                      0
  -----------------------------------


  Area
  -----------------------------------
  Combinational Area:       58.961409
  Noncombinational Area:     0.000000
  Buf/Inv Area:             12.707200
  Total Buffer Area:             0.00
  Total Inverter Area:          12.71
  Macro/Black Box Area:      0.000000
  Net Area:                  6.784720
  -----------------------------------
  Cell Area:                58.961409
  Design Area:              65.746128


  Design Rules
  -----------------------------------
  Total Number of Nets:            50
  Nets With Violations:             0
  Max Trans Violations:             0
  Max Cap Violations:               0
  -----------------------------------


  Hostname: auto.ece.pdx.edu

  Compile CPU Statistics
  -----------------------------------------
  Resource Sharing:                    0.04
  Logic Optimization:                  0.52
  Mapping Optimization:                3.00
  -----------------------------------------
  Overall Compile Time:               14.93
  Overall Compile Wall Clock Time:    15.87

  --------------------------------------------------------------------

  Design  WNS: 0.00  TNS: 0.00  Number of Violating Paths: 0


  Design (Hold)  WNS: 0.00  TNS: 0.00  Number of Violating Paths: 0

  --------------------------------------------------------------------


1
