Information: Updating design information... (UID-85)
 
****************************************
Report : qor
Design : imm_gen
Version: X-2025.06-SP4
Date   : Tue Mar 10 19:06:45 2026
****************************************


  Timing Path Group 'COMBO'
  -----------------------------------
  Levels of Logic:               4.00
  Critical Path Length:          0.30
  Critical Path Slack:           0.00
  Critical Path Clk Period:      1.41
  Total Negative Slack:          0.00
  No. of Violating Paths:        0.00
  Worst Hold Violation:          0.00
  Total Hold Violation:          0.00
  No. of Hold Violations:        0.00
  -----------------------------------


  Cell Count
  -----------------------------------
  Hierarchical Cell Count:          0
  Hierarchical Port Count:          0
  Leaf Cell Count:                 47
  Buf/Inv Cell Count:              13
  Buf Cell Count:                   0
  Inv Cell Count:                  13
  CT Buf/Inv Cell Count:            0
  Combinational Cell Count:        47
  Sequential Cell Count:            0
  Macro Count:                      0
  -----------------------------------


  Area
  -----------------------------------
  Combinational Area:       91.491841
  Noncombinational Area:     0.000000
  Buf/Inv Area:             16.519360
  Total Buffer Area:             0.00
  Total Inverter Area:          16.52
  Macro/Black Box Area:      0.000000
  Net Area:                 12.545797
  -----------------------------------
  Cell Area:                91.491841
  Design Area:             104.037638


  Design Rules
  -----------------------------------
  Total Number of Nets:            71
  Nets With Violations:             0
  Max Trans Violations:             0
  Max Cap Violations:               0
  -----------------------------------


  Hostname: phobos.ece.pdx.edu

  Compile CPU Statistics
  -----------------------------------------
  Resource Sharing:                    0.06
  Logic Optimization:                  1.49
  Mapping Optimization:                3.24
  -----------------------------------------
  Overall Compile Time:               13.73
  Overall Compile Wall Clock Time:    14.57

  --------------------------------------------------------------------

  Design  WNS: 0.00  TNS: 0.00  Number of Violating Paths: 0


  Design (Hold)  WNS: 0.00  TNS: 0.00  Number of Violating Paths: 0

  --------------------------------------------------------------------


1
