 
****************************************
Report : threshold voltage group
        -analysis_effort low
Design : regfile
Version: X-2025.06-SP4
Date   : Mon Mar  9 21:08:37 2026
****************************************

********************************************************************************
                        Threshold Voltage Group Report                         
********************************************************************************


Vth Group                All                Blackbox           Non-blackbox
Name                    cells                cells                cells
********************************************************************************
saed32cell_hvt       3713 (100.00%)          0   (0.00%)       3713 (100.00%)   
********************************************************************************

Vth Group                All                Blackbox           Non-blackbox
Name                  cell area            cell area            cell area
********************************************************************************
saed32cell_hvt   15736.34 (100.00%)       0.00   (0.00%)   15736.34 (100.00%)   
********************************************************************************

Vth Group                All                Blackbox           Non-blackbox
Name                 cell leakage        cell leakage          cell leakage
********************************************************************************
saed32cell_hvt  262.560uW (100.00%)    0.000pW   (0.00%)  262.560uW (100.00%)   
********************************************************************************

1
