Information: Updating design information... (UID-85)
Warning: Design 'regfile' contains 1 high-fanout nets. A fanout number of 1000 will be used for delay calculations involving these nets. (TIM-134)
 
****************************************
Report : qor
Design : regfile
Version: X-2025.06-SP4
Date   : Fri Mar  6 17:16:35 2026
****************************************


  Timing Path Group 'clk'
  -----------------------------------
  Levels of Logic:               1.00
  Critical Path Length:          0.35
  Critical Path Slack:           0.93
  Critical Path Clk Period:      1.43
  Total Negative Slack:          0.00
  No. of Violating Paths:        0.00
  Worst Hold Violation:          0.00
  Total Hold Violation:          0.00
  No. of Hold Violations:        0.00
  -----------------------------------


  Cell Count
  -----------------------------------
  Hierarchical Cell Count:          0
  Hierarchical Port Count:          0
  Leaf Cell Count:               3713
  Buf/Inv Cell Count:             199
  Buf Cell Count:                  93
  Inv Cell Count:                 106
  CT Buf/Inv Cell Count:            0
  Combinational Cell Count:      2721
  Sequential Cell Count:          992
  Macro Count:                      0
  -----------------------------------


  Area
  -----------------------------------
  Combinational Area:     6660.351824
  Noncombinational Area:  9075.990753
  Buf/Inv Area:            323.779466
  Total Buffer Area:           189.08
  Total Inverter Area:         134.70
  Macro/Black Box Area:      0.000000
  Net Area:               7750.933683
  -----------------------------------
  Cell Area:             15736.342577
  Design Area:           23487.276259


  Design Rules
  -----------------------------------
  Total Number of Nets:          3764
  Nets With Violations:             0
  Max Trans Violations:             0
  Max Cap Violations:               0
  -----------------------------------


  Hostname: phobos.ece.pdx.edu

  Compile CPU Statistics
  -----------------------------------------
  Resource Sharing:                    0.45
  Logic Optimization:                  1.84
  Mapping Optimization:                4.38
  -----------------------------------------
  Overall Compile Time:               25.95
  Overall Compile Wall Clock Time:    26.87

  --------------------------------------------------------------------

  Design  WNS: 0.00  TNS: 0.00  Number of Violating Paths: 0


  Design (Hold)  WNS: 0.00  TNS: 0.00  Number of Violating Paths: 0

  --------------------------------------------------------------------


1
