Information: Updating design information... (UID-85)
Warning: Design 'riscv_core' contains 4 high-fanout nets. A fanout number of 1000 will be used for delay calculations involving these nets. (TIM-134)
 
****************************************
Report : qor
Design : riscv_core
Version: Q-2019.12-SP3
Date   : Mon Mar  9 23:07:46 2026
****************************************


  Timing Path Group 'clk'
  -----------------------------------
  Levels of Logic:              48.00
  Critical Path Length:          6.27
  Critical Path Slack:          -5.29
  Critical Path Clk Period:      1.41
  Total Negative Slack:     -21979.56
  No. of Violating Paths:     9280.00
  Worst Hold Violation:          0.00
  Total Hold Violation:          0.00
  No. of Hold Violations:        0.00
  -----------------------------------


  Cell Count
  -----------------------------------
  Hierarchical Cell Count:          6
  Hierarchical Port Count:        470
  Leaf Cell Count:              27913
  Buf/Inv Cell Count:             829
  Buf Cell Count:                 284
  Inv Cell Count:                 545
  CT Buf/Inv Cell Count:            0
  Combinational Cell Count:     18665
  Sequential Cell Count:         9248
  Macro Count:                      0
  -----------------------------------


  Area
  -----------------------------------
  Combinational Area:    51723.895878
  Noncombinational Area: 84613.688883
  Buf/Inv Area:           1542.654091
  Total Buffer Area:           803.86
  Total Inverter Area:         738.80
  Macro/Black Box Area:      0.000000
  Net Area:             128786.605446
  -----------------------------------
  Cell Area:            136337.584761
  Design Area:          265124.190207


  Design Rules
  -----------------------------------
  Total Number of Nets:         28022
  Nets With Violations:             0
  Max Trans Violations:             0
  Max Cap Violations:               0
  -----------------------------------


  Hostname: mo.ece.pdx.edu

  Compile CPU Statistics
  -----------------------------------------
  Resource Sharing:                    0.30
  Logic Optimization:                  2.98
  Mapping Optimization:               12.57
  -----------------------------------------
  Overall Compile Time:               37.75
  Overall Compile Wall Clock Time:    38.77

  --------------------------------------------------------------------

  Design  WNS: 5.29  TNS: 21979.56  Number of Violating Paths: 9280


  Design (Hold)  WNS: 0.00  TNS: 0.00  Number of Violating Paths: 0

  --------------------------------------------------------------------


1
