 
****************************************
Report : threshold voltage group
Design : riscv_core
Version: Q-2019.12-SP3
Date   : Mon Mar  9 23:11:13 2026
****************************************

********************************************************************************
                        Threshold Voltage Group Report                         

Vth Group                All                Blackbox           Non-blackbox
Name                    cells                cells                cells
********************************************************************************
saed32cell_hvt      25255  (90.48%)          0   (0.00%)      25255  (90.48%)   
saed32cell_lvt        326   (1.17%)          0   (0.00%)        326   (1.17%)   
saed32cell_svt       2332   (8.35%)          0   (0.00%)       2332   (8.35%)   
********************************************************************************
Total               27913 (100.00%)          0   (0.00%)      27913 (100.00%)   

Vth Group                All                Blackbox           Non-blackbox
Name                  cell area            cell area            cell area
********************************************************************************
saed32cell_hvt  129608.36  (95.06%)       0.00   (0.00%)  129608.36  (95.06%)   
saed32cell_lvt     829.53   (0.61%)       0.00   (0.00%)     829.53   (0.61%)   
saed32cell_svt    5899.70   (4.33%)       0.00   (0.00%)    5899.70   (4.33%)   
********************************************************************************
Total           136337.58 (100.00%)       0.00   (0.00%)  136337.58 (100.00%)   
1
