 
****************************************
Report : threshold voltage group
Design : riscv_core
Version: Q-2019.12-SP3
Date   : Mon Mar  9 00:11:25 2026
****************************************

********************************************************************************
                        Threshold Voltage Group Report                         

Vth Group                All                Blackbox           Non-blackbox
Name                    cells                cells                cells
********************************************************************************
saed32cell_hvt       5577  (18.87%)          0   (0.00%)       5577  (18.87%)   
saed32cell_lvt       9554  (32.33%)          0   (0.00%)       9554  (32.33%)   
saed32cell_svt      14421  (48.80%)          0   (0.00%)      14421  (48.80%)   
********************************************************************************
Total               29552 (100.00%)          0   (0.00%)      29552 (100.00%)   

Vth Group                All                Blackbox           Non-blackbox
Name                  cell area            cell area            cell area
********************************************************************************
saed32cell_hvt   17328.05  (12.58%)       0.00   (0.00%)   17328.05  (12.58%)   
saed32cell_lvt   32616.33  (23.68%)       0.00   (0.00%)   32616.33  (23.68%)   
saed32cell_svt   87805.99  (63.74%)       0.00   (0.00%)   87805.99  (63.74%)   
********************************************************************************
Total           137750.37 (100.00%)       0.00   (0.00%)  137750.37 (100.00%)   
1
