Warning: Design 'riscv_core' has '3' unresolved references. For more detailed information, use the "link" command. (UID-341)
Information: Updating design information... (UID-85)
Warning: Design 'riscv_core' contains 3 high-fanout nets. A fanout number of 1000 will be used for delay calculations involving these nets. (TIM-134)
 
****************************************
Report : qor
Design : riscv_core
Version: Q-2019.12-SP3
Date   : Mon Mar  9 17:47:47 2026
****************************************


  Timing Path Group 'clk'
  -----------------------------------
  Levels of Logic:              13.00
  Critical Path Length:          1.02
  Critical Path Slack:          -0.08
  Critical Path Clk Period:      1.41
  Total Negative Slack:         -2.65
  No. of Violating Paths:       79.00
  Worst Hold Violation:          0.00
  Total Hold Violation:          0.00
  No. of Hold Violations:        0.00
  -----------------------------------


  Cell Count
  -----------------------------------
  Hierarchical Cell Count:          3
  Hierarchical Port Count:        192
  Leaf Cell Count:              23659
  Buf/Inv Cell Count:             448
  Buf Cell Count:                 185
  Inv Cell Count:                 263
  CT Buf/Inv Cell Count:            0
  Combinational Cell Count:     15403
  Sequential Cell Count:         8256
  Macro Count:                      0
  -----------------------------------


  Area
  -----------------------------------
  Combinational Area:    43699.044918
  Noncombinational Area: 75537.698130
  Buf/Inv Area:            973.879809
  Total Buffer Area:           598.51
  Total Inverter Area:         375.37
  Macro/Black Box Area:      0.000000
  Net Area:             119124.554916
  -----------------------------------
  Cell Area:            119236.743047
  Design Area:          238361.297963


  Design Rules
  -----------------------------------
  Total Number of Nets:         23860
  Nets With Violations:             0
  Max Trans Violations:             0
  Max Cap Violations:               0
  -----------------------------------


  Hostname: auto.ece.pdx.edu

  Compile CPU Statistics
  -----------------------------------------
  Resource Sharing:                    0.20
  Logic Optimization:                  2.97
  Mapping Optimization:                4.21
  -----------------------------------------
  Overall Compile Time:               28.78
  Overall Compile Wall Clock Time:    29.74

  --------------------------------------------------------------------

  Design  WNS: 0.08  TNS: 2.65  Number of Violating Paths: 79


  Design (Hold)  WNS: 0.00  TNS: 0.00  Number of Violating Paths: 0

  --------------------------------------------------------------------


1
