Warning: Design 'riscv_core' has '3' unresolved references. For more detailed information, use the "link" command. (UID-341)
 
****************************************
check_design summary:
Version:     Q-2019.12-SP3
Date:        Mon Mar  9 17:47:48 2026
****************************************

                   Name                                            Total
--------------------------------------------------------------------------------
Inputs/Outputs                                                     61
    Multiply driven inputs (LINT-6)                                33
    Unconnected ports (LINT-28)                                    24
    Shorted outputs (LINT-31)                                       2
    Constant outputs (LINT-52)                                      2

Nets                                                                4
    Unloaded nets (LINT-2)                                          2
    Multiply driven net with constant driver (LINT-54)              2

Tristate                                                           69
    A tristate bus has a non tri-state driver (LINT-34)            69
--------------------------------------------------------------------------------

Warning: In design 'riscv_core', net 'SYNOPSYS_UNCONNECTED_2' driven by pin 'ctrl/alu_ctrl[2]' has no loads. (LINT-2)
Warning: In design 'riscv_core', net 'SYNOPSYS_UNCONNECTED_1' driven by pin 'ctrl/alu_ctrl[3]' has no loads. (LINT-2)
Warning: In design 'riscv_core', input port 'clk' drives wired logic; the port direction may have been specified incorrectly. (LINT-6)
Warning: In design 'riscv_core', input port 'instruction[31]' drives wired logic; the port direction may have been specified incorrectly. (LINT-6)
Warning: In design 'riscv_core', input port 'instruction[30]' drives wired logic; the port direction may have been specified incorrectly. (LINT-6)
Warning: In design 'riscv_core', input port 'instruction[29]' drives wired logic; the port direction may have been specified incorrectly. (LINT-6)
Warning: In design 'riscv_core', input port 'instruction[28]' drives wired logic; the port direction may have been specified incorrectly. (LINT-6)
Warning: In design 'riscv_core', input port 'instruction[27]' drives wired logic; the port direction may have been specified incorrectly. (LINT-6)
Warning: In design 'riscv_core', input port 'instruction[26]' drives wired logic; the port direction may have been specified incorrectly. (LINT-6)
Warning: In design 'riscv_core', input port 'instruction[25]' drives wired logic; the port direction may have been specified incorrectly. (LINT-6)
Warning: In design 'riscv_core', input port 'instruction[24]' drives wired logic; the port direction may have been specified incorrectly. (LINT-6)
Warning: In design 'riscv_core', input port 'instruction[23]' drives wired logic; the port direction may have been specified incorrectly. (LINT-6)
Warning: In design 'riscv_core', input port 'instruction[22]' drives wired logic; the port direction may have been specified incorrectly. (LINT-6)
Warning: In design 'riscv_core', input port 'instruction[21]' drives wired logic; the port direction may have been specified incorrectly. (LINT-6)
Warning: In design 'riscv_core', input port 'instruction[20]' drives wired logic; the port direction may have been specified incorrectly. (LINT-6)
Warning: In design 'riscv_core', input port 'instruction[19]' drives wired logic; the port direction may have been specified incorrectly. (LINT-6)
Warning: In design 'riscv_core', input port 'instruction[18]' drives wired logic; the port direction may have been specified incorrectly. (LINT-6)
Warning: In design 'riscv_core', input port 'instruction[17]' drives wired logic; the port direction may have been specified incorrectly. (LINT-6)
Warning: In design 'riscv_core', input port 'instruction[16]' drives wired logic; the port direction may have been specified incorrectly. (LINT-6)
Warning: In design 'riscv_core', input port 'instruction[15]' drives wired logic; the port direction may have been specified incorrectly. (LINT-6)
Warning: In design 'riscv_core', input port 'instruction[14]' drives wired logic; the port direction may have been specified incorrectly. (LINT-6)
Warning: In design 'riscv_core', input port 'instruction[13]' drives wired logic; the port direction may have been specified incorrectly. (LINT-6)
Warning: In design 'riscv_core', input port 'instruction[12]' drives wired logic; the port direction may have been specified incorrectly. (LINT-6)
Warning: In design 'riscv_core', input port 'instruction[11]' drives wired logic; the port direction may have been specified incorrectly. (LINT-6)
Warning: In design 'riscv_core', input port 'instruction[10]' drives wired logic; the port direction may have been specified incorrectly. (LINT-6)
Warning: In design 'riscv_core', input port 'instruction[9]' drives wired logic; the port direction may have been specified incorrectly. (LINT-6)
Warning: In design 'riscv_core', input port 'instruction[8]' drives wired logic; the port direction may have been specified incorrectly. (LINT-6)
Warning: In design 'riscv_core', input port 'instruction[7]' drives wired logic; the port direction may have been specified incorrectly. (LINT-6)
Warning: In design 'riscv_core', input port 'instruction[6]' drives wired logic; the port direction may have been specified incorrectly. (LINT-6)
Warning: In design 'riscv_core', input port 'instruction[5]' drives wired logic; the port direction may have been specified incorrectly. (LINT-6)
Warning: In design 'riscv_core', input port 'instruction[4]' drives wired logic; the port direction may have been specified incorrectly. (LINT-6)
Warning: In design 'riscv_core', input port 'instruction[3]' drives wired logic; the port direction may have been specified incorrectly. (LINT-6)
Warning: In design 'riscv_core', input port 'instruction[2]' drives wired logic; the port direction may have been specified incorrectly. (LINT-6)
Warning: In design 'riscv_core', input port 'instruction[1]' drives wired logic; the port direction may have been specified incorrectly. (LINT-6)
Warning: In design 'riscv_core', input port 'instruction[0]' drives wired logic; the port direction may have been specified incorrectly. (LINT-6)
Warning: In design 'data_mem', port 'addr[31]' is not connected to any nets. (LINT-28)
Warning: In design 'data_mem', port 'addr[30]' is not connected to any nets. (LINT-28)
Warning: In design 'data_mem', port 'addr[29]' is not connected to any nets. (LINT-28)
Warning: In design 'data_mem', port 'addr[28]' is not connected to any nets. (LINT-28)
Warning: In design 'data_mem', port 'addr[27]' is not connected to any nets. (LINT-28)
Warning: In design 'data_mem', port 'addr[26]' is not connected to any nets. (LINT-28)
Warning: In design 'data_mem', port 'addr[25]' is not connected to any nets. (LINT-28)
Warning: In design 'data_mem', port 'addr[24]' is not connected to any nets. (LINT-28)
Warning: In design 'data_mem', port 'addr[23]' is not connected to any nets. (LINT-28)
Warning: In design 'data_mem', port 'addr[22]' is not connected to any nets. (LINT-28)
Warning: In design 'data_mem', port 'addr[21]' is not connected to any nets. (LINT-28)
Warning: In design 'data_mem', port 'addr[20]' is not connected to any nets. (LINT-28)
Warning: In design 'data_mem', port 'addr[19]' is not connected to any nets. (LINT-28)
Warning: In design 'data_mem', port 'addr[18]' is not connected to any nets. (LINT-28)
Warning: In design 'data_mem', port 'addr[17]' is not connected to any nets. (LINT-28)
Warning: In design 'data_mem', port 'addr[16]' is not connected to any nets. (LINT-28)
Warning: In design 'data_mem', port 'addr[15]' is not connected to any nets. (LINT-28)
Warning: In design 'data_mem', port 'addr[14]' is not connected to any nets. (LINT-28)
Warning: In design 'data_mem', port 'addr[13]' is not connected to any nets. (LINT-28)
Warning: In design 'data_mem', port 'addr[12]' is not connected to any nets. (LINT-28)
Warning: In design 'data_mem', port 'addr[11]' is not connected to any nets. (LINT-28)
Warning: In design 'data_mem', port 'addr[10]' is not connected to any nets. (LINT-28)
Warning: In design 'data_mem', port 'addr[1]' is not connected to any nets. (LINT-28)
Warning: In design 'data_mem', port 'addr[0]' is not connected to any nets. (LINT-28)
Warning: In design 'control', output port 'mem_read' is connected directly to output port 'mem_to_reg'. (LINT-31)
Warning: In design 'control', output port 'alu_ctrl[3]' is connected directly to output port 'alu_ctrl[2]'. (LINT-31)
Warning: In design 'riscv_core', three-state bus 'n291' has non three-state driver 'U4/**logic_0**'. (LINT-34)
Warning: In design 'riscv_core', three-state bus 'n290' has non three-state driver 'U3/**logic_0**'. (LINT-34)
Warning: In design 'riscv_core', three-state bus 'alu_input2[0]' has non three-state driver 'U72/Y'. (LINT-34)
Warning: In design 'riscv_core', three-state bus 'alu_input2[1]' has non three-state driver 'U71/Y'. (LINT-34)
Warning: In design 'riscv_core', three-state bus 'alu_input2[2]' has non three-state driver 'U70/Y'. (LINT-34)
Warning: In design 'riscv_core', three-state bus 'alu_input2[3]' has non three-state driver 'U69/Y'. (LINT-34)
Warning: In design 'riscv_core', three-state bus 'alu_input2[4]' has non three-state driver 'U68/Y'. (LINT-34)
Warning: In design 'riscv_core', three-state bus 'alu_input2[5]' has non three-state driver 'U67/Y'. (LINT-34)
Warning: In design 'riscv_core', three-state bus 'alu_input2[6]' has non three-state driver 'U66/Y'. (LINT-34)
Warning: In design 'riscv_core', three-state bus 'alu_input2[7]' has non three-state driver 'U65/Y'. (LINT-34)
Warning: In design 'riscv_core', three-state bus 'alu_input2[8]' has non three-state driver 'U64/Y'. (LINT-34)
Warning: In design 'riscv_core', three-state bus 'alu_input2[9]' has non three-state driver 'U63/Y'. (LINT-34)
Warning: In design 'riscv_core', three-state bus 'alu_input2[10]' has non three-state driver 'U62/Y'. (LINT-34)
Warning: In design 'riscv_core', three-state bus 'alu_input2[11]' has non three-state driver 'U61/Y'. (LINT-34)
Warning: In design 'riscv_core', three-state bus 'alu_input2[12]' has non three-state driver 'U60/Y'. (LINT-34)
Warning: In design 'riscv_core', three-state bus 'alu_input2[13]' has non three-state driver 'U59/Y'. (LINT-34)
Warning: In design 'riscv_core', three-state bus 'alu_input2[14]' has non three-state driver 'U58/Y'. (LINT-34)
Warning: In design 'riscv_core', three-state bus 'alu_input2[15]' has non three-state driver 'U57/Y'. (LINT-34)
Warning: In design 'riscv_core', three-state bus 'alu_input2[16]' has non three-state driver 'U56/Y'. (LINT-34)
Warning: In design 'riscv_core', three-state bus 'alu_input2[17]' has non three-state driver 'U55/Y'. (LINT-34)
Warning: In design 'riscv_core', three-state bus 'alu_input2[18]' has non three-state driver 'U54/Y'. (LINT-34)
Warning: In design 'riscv_core', three-state bus 'alu_input2[19]' has non three-state driver 'U53/Y'. (LINT-34)
Warning: In design 'riscv_core', three-state bus 'alu_input2[20]' has non three-state driver 'U52/Y'. (LINT-34)
Warning: In design 'riscv_core', three-state bus 'alu_input2[21]' has non three-state driver 'U51/Y'. (LINT-34)
Warning: In design 'riscv_core', three-state bus 'alu_input2[22]' has non three-state driver 'U50/Y'. (LINT-34)
Warning: In design 'riscv_core', three-state bus 'alu_input2[23]' has non three-state driver 'U49/Y'. (LINT-34)
Warning: In design 'riscv_core', three-state bus 'alu_input2[24]' has non three-state driver 'U48/Y'. (LINT-34)
Warning: In design 'riscv_core', three-state bus 'alu_input2[25]' has non three-state driver 'U47/Y'. (LINT-34)
Warning: In design 'riscv_core', three-state bus 'alu_input2[26]' has non three-state driver 'U46/Y'. (LINT-34)
Warning: In design 'riscv_core', three-state bus 'alu_input2[27]' has non three-state driver 'U45/Y'. (LINT-34)
Warning: In design 'riscv_core', three-state bus 'alu_input2[28]' has non three-state driver 'U44/Y'. (LINT-34)
Warning: In design 'riscv_core', three-state bus 'alu_input2[29]' has non three-state driver 'U43/Y'. (LINT-34)
Warning: In design 'riscv_core', three-state bus 'alu_input2[30]' has non three-state driver 'U42/Y'. (LINT-34)
Warning: In design 'riscv_core', three-state bus 'alu_input2[31]' has non three-state driver 'U41/Y'. (LINT-34)
Warning: In design 'riscv_core', three-state bus 'alu_ctrl[0]' has non three-state driver 'ctrl/U39/Y'. (LINT-34)
Warning: In design 'riscv_core', three-state bus 'alu_ctrl[1]' has non three-state driver 'ctrl/U47/Y'. (LINT-34)
Warning: In design 'riscv_core', three-state bus 'reg_write' has non three-state driver 'ctrl/U58/Y'. (LINT-34)
Warning: In design 'riscv_core', three-state bus 'debug_wb_data[0]' has non three-state driver 'U40/Y'. (LINT-34)
Warning: In design 'riscv_core', three-state bus 'debug_wb_data[1]' has non three-state driver 'U39/Y'. (LINT-34)
Warning: In design 'riscv_core', three-state bus 'debug_wb_data[2]' has non three-state driver 'U38/Y'. (LINT-34)
Warning: In design 'riscv_core', three-state bus 'debug_wb_data[3]' has non three-state driver 'U37/Y'. (LINT-34)
Warning: In design 'riscv_core', three-state bus 'debug_wb_data[4]' has non three-state driver 'U36/Y'. (LINT-34)
Warning: In design 'riscv_core', three-state bus 'debug_wb_data[5]' has non three-state driver 'U35/Y'. (LINT-34)
Warning: In design 'riscv_core', three-state bus 'debug_wb_data[6]' has non three-state driver 'U34/Y'. (LINT-34)
Warning: In design 'riscv_core', three-state bus 'debug_wb_data[7]' has non three-state driver 'U33/Y'. (LINT-34)
Warning: In design 'riscv_core', three-state bus 'debug_wb_data[8]' has non three-state driver 'U32/Y'. (LINT-34)
Warning: In design 'riscv_core', three-state bus 'debug_wb_data[9]' has non three-state driver 'U31/Y'. (LINT-34)
Warning: In design 'riscv_core', three-state bus 'debug_wb_data[10]' has non three-state driver 'U30/Y'. (LINT-34)
Warning: In design 'riscv_core', three-state bus 'debug_wb_data[11]' has non three-state driver 'U29/Y'. (LINT-34)
Warning: In design 'riscv_core', three-state bus 'debug_wb_data[12]' has non three-state driver 'U28/Y'. (LINT-34)
Warning: In design 'riscv_core', three-state bus 'debug_wb_data[13]' has non three-state driver 'U27/Y'. (LINT-34)
Warning: In design 'riscv_core', three-state bus 'debug_wb_data[14]' has non three-state driver 'U26/Y'. (LINT-34)
Warning: In design 'riscv_core', three-state bus 'debug_wb_data[15]' has non three-state driver 'U25/Y'. (LINT-34)
Warning: In design 'riscv_core', three-state bus 'debug_wb_data[16]' has non three-state driver 'U24/Y'. (LINT-34)
Warning: In design 'riscv_core', three-state bus 'debug_wb_data[17]' has non three-state driver 'U23/Y'. (LINT-34)
Warning: In design 'riscv_core', three-state bus 'debug_wb_data[18]' has non three-state driver 'U22/Y'. (LINT-34)
Warning: In design 'riscv_core', three-state bus 'debug_wb_data[19]' has non three-state driver 'U21/Y'. (LINT-34)
Warning: In design 'riscv_core', three-state bus 'debug_wb_data[20]' has non three-state driver 'U20/Y'. (LINT-34)
Warning: In design 'riscv_core', three-state bus 'debug_wb_data[21]' has non three-state driver 'U19/Y'. (LINT-34)
Warning: In design 'riscv_core', three-state bus 'debug_wb_data[22]' has non three-state driver 'U18/Y'. (LINT-34)
Warning: In design 'riscv_core', three-state bus 'debug_wb_data[23]' has non three-state driver 'U17/Y'. (LINT-34)
Warning: In design 'riscv_core', three-state bus 'debug_wb_data[24]' has non three-state driver 'U16/Y'. (LINT-34)
Warning: In design 'riscv_core', three-state bus 'debug_wb_data[25]' has non three-state driver 'U15/Y'. (LINT-34)
Warning: In design 'riscv_core', three-state bus 'debug_wb_data[26]' has non three-state driver 'U14/Y'. (LINT-34)
Warning: In design 'riscv_core', three-state bus 'debug_wb_data[27]' has non three-state driver 'U13/Y'. (LINT-34)
Warning: In design 'riscv_core', three-state bus 'debug_wb_data[28]' has non three-state driver 'U12/Y'. (LINT-34)
Warning: In design 'riscv_core', three-state bus 'debug_wb_data[29]' has non three-state driver 'U11/Y'. (LINT-34)
Warning: In design 'riscv_core', three-state bus 'debug_wb_data[30]' has non three-state driver 'U10/Y'. (LINT-34)
Warning: In design 'riscv_core', three-state bus 'debug_wb_data[31]' has non three-state driver 'U9/Y'. (LINT-34)
Warning: In design 'control', output port 'alu_ctrl[3]' is connected directly to 'logic 0'. (LINT-52)
Warning: In design 'control', output port 'alu_ctrl[2]' is connected directly to 'logic 0'. (LINT-52)
Warning: In design 'riscv_core', multiply-driven net 'n291' is driven by constant 0. (LINT-54)
Warning: In design 'riscv_core', multiply-driven net 'n290' is driven by constant 0. (LINT-54)
1
