 
****************************************
Report : threshold voltage group
Design : alu
Version: Q-2019.12-SP3
Date   : Tue Mar 10 19:22:37 2026
****************************************

********************************************************************************
                        Threshold Voltage Group Report                         

Vth Group                All                Blackbox           Non-blackbox
Name                    cells                cells                cells
********************************************************************************
saed32cell_hvt        244  (29.01%)          0   (0.00%)        244  (29.01%)   
saed32cell_lvt        278  (33.06%)          0   (0.00%)        278  (33.06%)   
saed32cell_svt        319  (37.93%)          0   (0.00%)        319  (37.93%)   
********************************************************************************
Total                 841 (100.00%)          0   (0.00%)        841 (100.00%)   

Vth Group                All                Blackbox           Non-blackbox
Name                  cell area            cell area            cell area
********************************************************************************
saed32cell_hvt     474.74  (26.94%)       0.00   (0.00%)     474.74  (26.94%)   
saed32cell_lvt     655.44  (37.19%)       0.00   (0.00%)     655.44  (37.19%)   
saed32cell_svt     632.06  (35.87%)       0.00   (0.00%)     632.06  (35.87%)   
********************************************************************************
Total             1762.23 (100.00%)       0.00   (0.00%)    1762.23 (100.00%)   
1
