Information: Updating design information... (UID-85)
 
****************************************
Report : qor
Design : alu
Version: Q-2019.12-SP3
Date   : Tue Mar 10 19:26:13 2026
****************************************


  Timing Path Group 'COMBO'
  -----------------------------------
  Levels of Logic:              17.00
  Critical Path Length:          0.81
  Critical Path Slack:           0.00
  Critical Path Clk Period:      1.41
  Total Negative Slack:          0.00
  No. of Violating Paths:        0.00
  Worst Hold Violation:          0.00
  Total Hold Violation:          0.00
  No. of Hold Violations:        0.00
  -----------------------------------


  Cell Count
  -----------------------------------
  Hierarchical Cell Count:          0
  Hierarchical Port Count:          0
  Leaf Cell Count:                841
  Buf/Inv Cell Count:             139
  Buf Cell Count:                   1
  Inv Cell Count:                 138
  CT Buf/Inv Cell Count:            0
  Combinational Cell Count:       841
  Sequential Cell Count:            0
  Macro Count:                      0
  -----------------------------------


  Area
  -----------------------------------
  Combinational Area:     1762.234500
  Noncombinational Area:     0.000000
  Buf/Inv Area:            182.983680
  Total Buffer Area:             6.10
  Total Inverter Area:         176.88
  Macro/Black Box Area:      0.000000
  Net Area:                404.268298
  -----------------------------------
  Cell Area:              1762.234500
  Design Area:            2166.502798


  Design Rules
  -----------------------------------
  Total Number of Nets:           909
  Nets With Violations:             0
  Max Trans Violations:             0
  Max Cap Violations:               0
  -----------------------------------


  Hostname: mo.ece.pdx.edu

  Compile CPU Statistics
  -----------------------------------------
  Resource Sharing:                    0.20
  Logic Optimization:                  2.20
  Mapping Optimization:               12.20
  -----------------------------------------
  Overall Compile Time:               24.81
  Overall Compile Wall Clock Time:    25.75

  --------------------------------------------------------------------

  Design  WNS: 0.00  TNS: 0.00  Number of Violating Paths: 0


  Design (Hold)  WNS: 0.00  TNS: 0.00  Number of Violating Paths: 0

  --------------------------------------------------------------------


1
