 
****************************************
Report : threshold voltage group
Design : riscv_core
Version: Q-2019.12-SP3
Date   : Tue Mar 10 19:45:34 2026
****************************************

********************************************************************************
                        Threshold Voltage Group Report                         

Vth Group                All                Blackbox           Non-blackbox
Name                    cells                cells                cells
********************************************************************************
saed32cell_hvt      25177  (88.99%)          0   (0.00%)      25177  (88.99%)   
saed32cell_lvt        647   (2.29%)          0   (0.00%)        647   (2.29%)   
saed32cell_svt       2468   (8.72%)          0   (0.00%)       2468   (8.72%)   
********************************************************************************
Total               28292 (100.00%)          0   (0.00%)      28292 (100.00%)   

Vth Group                All                Blackbox           Non-blackbox
Name                  cell area            cell area            cell area
********************************************************************************
saed32cell_hvt  129188.51  (94.35%)       0.00   (0.00%)  129188.51  (94.35%)   
saed32cell_lvt    1552.82   (1.13%)       0.00   (0.00%)    1552.82   (1.13%)   
saed32cell_svt    6187.39   (4.52%)       0.00   (0.00%)    6187.39   (4.52%)   
********************************************************************************
Total           136928.72 (100.00%)       0.00   (0.00%)  136928.72 (100.00%)   
1
