Information: Updating design information... (UID-85)
Warning: Design 'riscv_core' contains 4 high-fanout nets. A fanout number of 1000 will be used for delay calculations involving these nets. (TIM-134)
 
****************************************
Report : qor
Design : riscv_core
Version: Q-2019.12-SP3
Date   : Tue Mar 10 19:44:23 2026
****************************************


  Timing Path Group 'clk'
  -----------------------------------
  Levels of Logic:              30.00
  Critical Path Length:          2.46
  Critical Path Slack:           0.00
  Critical Path Clk Period:      2.92
  Total Negative Slack:         -0.00
  No. of Violating Paths:        2.00
  Worst Hold Violation:          0.00
  Total Hold Violation:          0.00
  No. of Hold Violations:        0.00
  -----------------------------------


  Cell Count
  -----------------------------------
  Hierarchical Cell Count:          6
  Hierarchical Port Count:        470
  Leaf Cell Count:              28292
  Buf/Inv Cell Count:             841
  Buf Cell Count:                 305
  Inv Cell Count:                 536
  CT Buf/Inv Cell Count:            0
  Combinational Cell Count:     19044
  Sequential Cell Count:         9248
  Macro Count:                      0
  -----------------------------------


  Area
  -----------------------------------
  Combinational Area:    52315.034825
  Noncombinational Area: 84613.688883
  Buf/Inv Area:           1583.317134
  Total Buffer Area:           854.69
  Total Inverter Area:         728.63
  Macro/Black Box Area:      0.000000
  Net Area:             128988.830701
  -----------------------------------
  Cell Area:            136928.723708
  Design Area:          265917.554409


  Design Rules
  -----------------------------------
  Total Number of Nets:         28368
  Nets With Violations:             0
  Max Trans Violations:             0
  Max Cap Violations:               0
  -----------------------------------


  Hostname: mo.ece.pdx.edu

  Compile CPU Statistics
  -----------------------------------------
  Resource Sharing:                    0.21
  Logic Optimization:                  4.49
  Mapping Optimization:                9.32
  -----------------------------------------
  Overall Compile Time:               37.72
  Overall Compile Wall Clock Time:    38.71

  --------------------------------------------------------------------

  Design  WNS: 0.00  TNS: 0.00  Number of Violating Paths: 2


  Design (Hold)  WNS: 0.00  TNS: 0.00  Number of Violating Paths: 0

  --------------------------------------------------------------------


1
